// Vitest Snapshot v1, https://vitest.dev/guide/snapshot.html

exports[`App component > matches snapshot 1`] = `
<div>
  <header
    class="header"
  >
    <div
      class="header-left"
    >
      <h1>
        RPG Memory Game
      </h1>
    </div>
    <div
      class="header-right"
    >
      <span>
        Score: 
        0
      </span>
      <span>
        Best score: 
        0
      </span>
    </div>
  </header>
  <div
    class="cards"
  />
</div>
`;
